"blank"			"=========================="
"blank"			"#Valve_Movement_Title"
"blank"			"=========================="
"+jump"					"#Valve_Jump"
"blank"			"=========================="
"blank"			"#Valve_Combat_Title"
"blank"			"=========================="
"+attack"				"#Valve_Primary_Attack"
"+attack2"				"#Valve_Secondary_Attack"
"+alt1"                 "#asw_melee_attack"
"+reload"				"#Valve_Reload_Weapon"
"asw_weapon_switch"		"#asw_switch_primary_secondary"
"ASW_InvPrev"			"#Valve_Previous_Weapon"
"+grenade1"			    "#asw_activate_extra"
"ASW_Drop"              "#asw_drop"
"+use"					"#asw_use"
"blank"			"=========================="
"blank"			"#ASW_Marines_Title"
"blank"			"=========================="
"asw_squad_hotbar 0"	"#asw_order_marine_1_equip"
"asw_squad_hotbar 1"	"#asw_order_marine_2_equip"
"asw_squad_hotbar 2"	"#asw_order_marine_3_equip"
"asw_squad_hotbar 3"	"#asw_order_marine_4_equip"
"+selectmarine1"        "#asw_select_marine_1"
"+selectmarine2"        "#asw_select_marine_2"
"+selectmarine3"        "#asw_select_marine_3"
"+selectmarine4"        "#asw_select_marine_4"
"ASW_NextMarine"        "#asw_next_marine"
"ASW_PrevMarine"        "#asw_prev_marine"
"asw_orderMarinesHold"    "#asw_order_marines_hold"
"asw_OrderMarinesFollow"  "#asw_order_marines_follow"
"+holdorder"    	      "#asw_order_specific_marine"
"blank"			"=========================="
"blank"			"#Valve_Communication_Title"
"blank"			"=========================="
"+voicerecord"			"#Valve_Use_Voice_Communication"
"say"			    "#Valve_Chat_Message"
"playerlist"            "#asw_playerlist"
"asw_comms"             "#asw_comms_menu"
"cl_emote 0"            "#asw_emote_medic"
"cl_emote 1"            "#asw_emote_ammo"
"cl_emote 2"            "#asw_emote_smile"
"cl_emote 5"            "#asw_emote_watch_out"
"cl_emote 6"            "#asw_emote_anime"
"cl_emote 7"            "#asw_emote_question"
"blank"			"=========================="
"blank"			"#ASW_Ammo_Bag_Title"
"blank"			"=========================="
"asw_drop_ammo 0"			"#asw_drop_r_ammo"
"asw_drop_ammo 1"			"#asw_drop_ag_ammo"
"asw_drop_ammo 2"			"#asw_drop_sg_ammo"
"asw_drop_ammo 3"			"#asw_drop_v_ammo"
"asw_drop_ammo 4"			"#asw_drop_fl_ammo"
"asw_drop_ammo 5"			"#asw_drop_rg_ammo"
"asw_drop_ammo 6"			"#asw_drop_pdw_ammo"
"asw_drop_ammo 7"			"#asw_drop_pi_ammo"
"blank"			"=========================="
"blank"			"#Valve_Miscellaneous_Title"
"blank"			"=========================="
"jpeg"					"#Valve_Take_Screen_Shot"
"pause"					"#Valve_Pause_Game"
"quit"					"#Valve_Quit_Game"

