"blank"			"=========================="
"blank"			"#Valve_Movement_Title"
"blank"			"=========================="
"+forward"				"#Valve_Move_Forward"
"+back"					"#Valve_Move_Back"
"+moveleft"				"#Valve_Move_Left"
"+moveright"			"#Valve_Move_Right"
"+jump"					"#Valve_Jump"
"+duck"					"#Valve_Duck"
"blank"			"=========================="
"blank"			"#P2_Actions_Title"
"blank"			"=========================="
"+attack"				"#P2_Primary_Attack"
"+attack2"				"#P2_Secondary_Attack"
"+use"					"#Valve_Use_Items"
"+zoom"					"#P2_Zoom"
"+zoom_in"				"#P2_Zoom_In"
"+zoom_out"				"#P2_Zoom_Out"
"blank"			"=========================="
"blank"			"#P2_Coop_Title"
"blank"			"=========================="
"+remote_view"			"#P2_Romote_View"
"+mouse_menu"			"#P2_Mouse_Menu"
"+mouse_menu_taunt"		"#P2_Taunt"
"+voicerecord"			"#Valve_Use_Voice_Communication"
"say"					"#Valve_Chat_Message"
"blank"			"=========================="
"blank"			"#Valve_Miscellaneous_Title"
"blank"			"=========================="
"jpeg"					"#Valve_Take_Screen_Shot"
"save quick"			"#Valve_Quick_Save"
"load quick"			"#Valve_Quick_Load"
"pause"					"#Valve_Pause_Game"
"quit"					"#Valve_Quit_Game"
"toggleconsole"			"#Valve_Console_Toggle"
"blank"			"=========================="
"blank"			"#Valve_Miscellaneous_Keyboard_Keys_Title"
"blank"			"=========================="
"+left"					"#Valve_Turn_Left"
"+right"				"#Valve_Turn_Right"
"+lookup"				"#Valve_Look_Up"
"+lookdown"				"#Valve_Look_Down"
"+strafe"				"#Valve_Strafe_Modifier"
"+klook"				"#Valve_Keyboard_Look_Modifier"