"bin\bugreporter_filequeue.dll"
"platform\materials\debug\additivevertexcolorvertexalpha.vmt"
"platform\materials\debug\debugmodelbones.vmt"
"platform\materials\debug\debugmrmnormals.vmt"
"platform\materials\debug\debugmrmwireframe.vmt"
"platform\materials\debug\debugmrmwireframedisplaced.vmt"
"platform\materials\debug\debugmrmwireframezbuffer.vmt"
"platform\materials\debug\debugmrmwireframezbufferdisplaced.vmt"
"platform\materials\debug\debugsolidmodelhulls.vmt"
"platform\materials\debug\debugtranslucentmodelhulls.vmt"
"platform\materials\debug\debugvertexcolor.vmt"
"platform\materials\debug\debugworldwireframe.vmt"
"platform\materials\debug\defaultlightmap.vtf"
"platform\materials\debug\env_cubemap_model.vmt"
"platform\materials\vgui\hud\800corner1.vtf"
"platform\materials\vgui\hud\800corner2.vtf"
"platform\materials\vgui\hud\800corner3.vtf"
"platform\materials\vgui\hud\800corner4.vtf"
"platform\models"
"platform\resource\foguipanel.res"
"platform\resource\platform_english.txt"
"platform\resource\vgui_english.txt"
"platform\scripts\enginevguilayout.res"
"platform\scripts\plugin_animations.txt"
"platform\servers\customgamespage.res"
"platform\servers\dialogserverbrowser.res"
"platform\servers\regions.vdf"
"platform\servers\serverbrowser_english.txt"
"platform\shaders\fxc\bik_ps20b.vcs"
"platform\shaders\fxc\bik_vs20.vcs"
"platform\shaders\fxc\bufferclearobeystencil_ps20b.vcs"
"platform\shaders\fxc\bufferclearobeystencil_vs20.vcs"
"platform\shaders\fxc\debugdrawdepth_ps20b.vcs"
"platform\shaders\fxc\debugdrawdepth_vs20.vcs"
"platform\shaders\fxc\debugdrawenvmapmask_ps20b.vcs"
"platform\shaders\fxc\debugdrawenvmapmask_vs20.vcs"
"platform\shaders\fxc\debugluxel_ps20b.vcs"
"platform\shaders\fxc\debugluxel_vs20.vcs"
"platform\shaders\fxc\debugmorphaccumulator_ps30.vcs"
"platform\shaders\fxc\debugmorphaccumulator_vs30.vcs"
"platform\shaders\fxc\depthwrite_ps30.vcs"
"platform\shaders\fxc\depthwrite_vs30.vcs"
"platform\shaders\fxc\eyeglint_ps20b.vcs"
"platform\shaders\fxc\eyeglint_vs20.vcs"
"platform\shaders\fxc\fillrate_ps20b.vcs"
"platform\shaders\fxc\fillrate_vs20.vcs"
"platform\shaders\fxc\flashlight_ps30.vcs"
"platform\shaders\fxc\lightmappedgeneric_flashlight_vs30.vcs"
"platform\shaders\fxc\lightmappedgeneric_ps20b.vcs"
"platform\shaders\fxc\lightmappedgeneric_vs20.vcs"
"platform\shaders\fxc\lightmappedpaint_ps20b.vcs"
"platform\shaders\fxc\morphweight_ps30.vcs"
"platform\shaders\fxc\morphweight_vs30.vcs"
"platform\shaders\fxc\refract_ps20b.vcs"
"platform\shaders\fxc\refract_vs20.vcs"
"platform\shaders\fxc\shadow_ps20b.vcs"
"platform\shaders\fxc\shadow_vs20.vcs"
"platform\shaders\fxc\shadowbuildtexture_ps30.vcs"
"platform\shaders\fxc\shadowmodel_ps20.vcs"
"platform\shaders\fxc\shadowmodel_vs20.vcs"
"platform\shaders\fxc\splinecard_vs20.vcs"
"platform\shaders\fxc\spritecard_ps20b.vcs"
"platform\shaders\fxc\spritecard_vs20.vcs"
"platform\shaders\fxc\unlitgeneric_ps30.vcs"
"platform\shaders\fxc\unlitgeneric_vs30.vcs"
"platform\shaders\fxc\vertexlit_and_unlit_generic_ps30.vcs"
"platform\shaders\fxc\vertexlit_and_unlit_generic_vs30.vcs"
"platform\shaders\fxc\writez_vs20.vcs"
"platform\steam\games\platformmenu.vdf"
"platform\vgui\fonts\consola.vfont"
"platform\vgui\fonts\univercb.vfont"
"platform\vgui\fonts\univercl.vfont"
"platform\vgui\fonts\universc.vfont"
"portal2\cfg\config.cfg"
"portal2\cfg\cpu_level_2_pc.ekv"
"portal2\cfg\gpu_level_2_pc.ekv"
"portal2\cfg\gpu_mem_level_0_pc.ekv"
"portal2\cfg\gpu_mem_level_2_pc.ekv"
"portal2\cfg\mem_level_2_pc.ekv"
"portal2\cfg\modsettings.cfg"
"portal2\cfg\server_blacklist.txt"
"portal2\cfg\valve.rc"
"portal2\console.log"
"portal2\gameinfo.txt"
"portal2\maps\mp_coop_lobby_2.bsp"
"portal2\maps\soundcache\_master.cache"
"portal2\materials\console\portal2_product_2.vmt"
"portal2\materials\console\portal2_product_2.vtf"
"portal2\materials\console\rt_background.vmt"
"portal2\materials\console\rt_foreground.vmt"
"portal2\materials\console\startup_loading.vtf"
"portal2\materials\debug\debugambientcube.vmt"
"portal2\materials\debug\debugbrushwireframe.vmt"
"portal2\materials\debug\debugdecalwireframe.vmt"
"portal2\materials\debug\debugdrawflattriangles.vmt"
"portal2\materials\debug\debugempty.vmt"
"portal2\materials\debug\debugempty.vtf"
"portal2\materials\debug\debugleafviswireframe.vmt"
"portal2\materials\debug\debuglightmap.vmt"
"portal2\materials\debug\debuglightmapzbuffer.vmt"
"portal2\materials\debug\debugluxels.vmt"
"portal2\materials\debug\debugluxels.vtf"
"portal2\materials\debug\debugmrmwireframe.vmt"
"portal2\materials\debug\debugtranslucentsinglecolor.vmt"
"portal2\materials\debug\debugtranslucentvertexcolor.vmt"
"portal2\materials\debug\debugwireframe.vmt"
"portal2\materials\debug\debugwireframevertexcolor.vmt"
"portal2\materials\debug\debugwireframevertexcolorignorez.vmt"
"portal2\materials\debug\debugworldwireframe.vmt"
"portal2\materials\debug\debugworldwireframezbuffer.vmt"
"portal2\materials\decals\rendermodelshadow.vmt"
"portal2\materials\decals\rendershadow.vmt"
"portal2\materials\decals\simpleshadow.vmt"
"portal2\materials\decals\simpleshadow.vtf"
"portal2\materials\dev\identitylightwarp.vtf"
"portal2\materials\dev\twenty.vtf"
"portal2\materials\effects\flashlight001.vtf"
"portal2\materials\engine\lightsprite.vmt"
"portal2\materials\engine\lightsprite.vtf"
"portal2\materials\engine\modulatesinglecolor.vmt"
"portal2\materials\engine\normalizedrandomdirections2d.vtf"
"portal2\materials\engine\shadowbuild.vmt"
"portal2\materials\engine\ssaoreflectionvectors.vtf"
"portal2\materials\engine\writez.vmt"
"portal2\materials\hud\camera_viewfinder_halfcircle.vmt"
"portal2\materials\hud\camera_viewfinder_halfcircle.vtf"
"portal2\materials\hud\camera_viewfinder_normal_ul.vtf"
"portal2\materials\hud\camera_viewfinder_ul.vmt"
"portal2\materials\hud\camera_viewfinder_ul.vtf"
"portal2\materials\hud\hud_icon_arrow.vmt"
"portal2\materials\hud\hud_icon_arrow.vtf"
"portal2\materials\particle\beam_generic_2.vtf"
"portal2\materials\particle\beam_generic_2_add.vmt"
"portal2\materials\particle\beam_generic_4.vtf"
"portal2\materials\particle\beam_generic_4_add.vmt"
"portal2\materials\particle\beam_generic_5.vtf"
"portal2\materials\particle\beam_generic_5_add.vmt"
"portal2\materials\particle\beam_laser_soft_01.vmt"
"portal2\materials\particle\beam_laser_soft_01.vtf"
"portal2\materials\particle\electrical_arc\electrical_arc.vmt"
"portal2\materials\particle\electrical_arc\electrical_arc.vtf"
"portal2\materials\particle\fire_particle_4\fire_particle_4.vmt"
"portal2\materials\particle\fire_particle_4\fire_particle_4.vtf"
"portal2\materials\particle\particle_flares\aircraft_white.vmt"
"portal2\materials\particle\particle_flares\aircraft_white.vtf"
"portal2\materials\particle\particle_glow_05.vtf"
"portal2\materials\particle\particle_glow_05_add_15ob.vmt"
"portal2\materials\particle\particle_glow_05_add_15ob_noz.vmt"
"portal2\materials\particle\particle_ring_pulled.vtf"
"portal2\materials\particle\particle_ring_pulled_add_oriented.vmt"
"portal2\materials\particle\particle_ring_wave_5.vtf"
"portal2\materials\particle\particle_ring_wave_5_add.vmt"
"portal2\materials\particle\screenspace_fog.vmt"
"portal2\materials\particle\sparks\sparks.vmt"
"portal2\materials\particle\sparks\sparks.vtf"
"portal2\materials\sprites\hud\portal_crosshairs.vmt"
"portal2\materials\sprites\hud\portal_crosshairs.vtf"
"portal2\materials\vgui\backgrounds\background01.vmt"
"portal2\materials\vgui\backgrounds\background01.vtf"
"portal2\materials\vgui\black.vtf"
"portal2\materials\vgui\fonts\buttons_32.vbf"
"portal2\materials\vgui\fonts\buttons_32.vtf"
"portal2\materials\vgui\hud\800corner1.vmt"
"portal2\materials\vgui\hud\800corner2.vmt"
"portal2\materials\vgui\hud\800corner3.vmt"
"portal2\materials\vgui\hud\800corner4.vmt"
"portal2\materials\vgui\hud\commands\box_drop.vmt"
"portal2\materials\vgui\hud\commands\box_drop.vtf"
"portal2\materials\vgui\hud\commands\box_pickup.vmt"
"portal2\materials\vgui\hud\commands\box_pickup.vtf"
"portal2\materials\vgui\hud\commands\button_press.vmt"
"portal2\materials\vgui\hud\commands\button_press.vtf"
"portal2\materials\vgui\hud\commands\button_tall_press.vmt"
"portal2\materials\vgui\hud\commands\button_tall_press.vtf"
"portal2\materials\vgui\hud\commands\countdown.vmt"
"portal2\materials\vgui\hud\commands\countdown.vtf"
"portal2\materials\vgui\hud\commands\countdown_1.vmt"
"portal2\materials\vgui\hud\commands\countdown_1.vtf"
"portal2\materials\vgui\hud\commands\countdown_2.vmt"
"portal2\materials\vgui\hud\commands\countdown_2.vtf"
"portal2\materials\vgui\hud\commands\countdown_3.vmt"
"portal2\materials\vgui\hud\commands\countdown_3.vtf"
"portal2\materials\vgui\hud\commands\countdown_go.vmt"
"portal2\materials\vgui\hud\commands\countdown_go.vtf"
"portal2\materials\vgui\hud\commands\generic_look.vmt"
"portal2\materials\vgui\hud\commands\generic_look.vtf"
"portal2\materials\vgui\hud\commands\gesture_dance_blue.vmt"
"portal2\materials\vgui\hud\commands\gesture_dance_blue.vtf"
"portal2\materials\vgui\hud\commands\gesture_dance_orange.vmt"
"portal2\materials\vgui\hud\commands\gesture_dance_orange.vtf"
"portal2\materials\vgui\hud\commands\gesture_highfive_team.vmt"
"portal2\materials\vgui\hud\commands\gesture_highfive_team.vtf"
"portal2\materials\vgui\hud\commands\gesture_laugh_blue.vmt"
"portal2\materials\vgui\hud\commands\gesture_laugh_blue.vtf"
"portal2\materials\vgui\hud\commands\gesture_laugh_orange.vmt"
"portal2\materials\vgui\hud\commands\gesture_laugh_orange.vtf"
"portal2\materials\vgui\hud\commands\gesture_rock_paper_scissors_blue.vmt"
"portal2\materials\vgui\hud\commands\gesture_rock_paper_scissors_blue.vtf"
"portal2\materials\vgui\hud\commands\gesture_rock_paper_scissors_orange.vmt"
"portal2\materials\vgui\hud\commands\gesture_rock_paper_scissors_orange.vtf"
"portal2\materials\vgui\hud\commands\gesture_sm_wave_blue.vmt"
"portal2\materials\vgui\hud\commands\gesture_sm_wave_blue.vtf"
"portal2\materials\vgui\hud\commands\gesture_sm_wave_orange.vmt"
"portal2\materials\vgui\hud\commands\gesture_sm_wave_orange.vtf"
"portal2\materials\vgui\hud\commands\gesture_teamhug.vmt"
"portal2\materials\vgui\hud\commands\gesture_teamhug.vtf"
"portal2\materials\vgui\hud\commands\gesture_tease_blue.vmt"
"portal2\materials\vgui\hud\commands\gesture_tease_blue.vtf"
"portal2\materials\vgui\hud\commands\gesture_tease_orange.vmt"
"portal2\materials\vgui\hud\commands\gesture_tease_orange.vtf"
"portal2\materials\vgui\hud\commands\gesture_trickfire_blue.vmt"
"portal2\materials\vgui\hud\commands\gesture_trickfire_blue.vtf"
"portal2\materials\vgui\hud\commands\gesture_trickfire_orange.vmt"
"portal2\materials\vgui\hud\commands\gesture_trickfire_orange.vtf"
"portal2\materials\vgui\hud\commands\move_here.vmt"
"portal2\materials\vgui\hud\commands\move_here.vtf"
"portal2\materials\vgui\hud\commands\portal_enter_floor.vmt"
"portal2\materials\vgui\hud\commands\portal_enter_floor.vtf"
"portal2\materials\vgui\hud\commands\portal_enter_wall.vmt"
"portal2\materials\vgui\hud\commands\portal_enter_wall.vtf"
"portal2\materials\vgui\hud\commands\portal_exit_floor.vmt"
"portal2\materials\vgui\hud\commands\portal_exit_floor.vtf"
"portal2\materials\vgui\hud\commands\portal_exit_wall.vmt"
"portal2\materials\vgui\hud\commands\portal_exit_wall.vtf"
"portal2\materials\vgui\hud\commands\portal_move.vmt"
"portal2\materials\vgui\hud\commands\portal_move.vtf"
"portal2\materials\vgui\hud\commands\portal_place_floor.vmt"
"portal2\materials\vgui\hud\commands\portal_place_floor.vtf"
"portal2\materials\vgui\hud\commands\portal_place_wall.vmt"
"portal2\materials\vgui\hud\commands\portal_place_wall.vtf"
"portal2\materials\vgui\hud\commands\slime_no_drink.vmt"
"portal2\materials\vgui\hud\commands\slime_no_drink.vtf"
"portal2\materials\vgui\hud\commands\turret_warning.vmt"
"portal2\materials\vgui\hud\commands\turret_warning.vtf"
"portal2\materials\vgui\hud\gameinstructor_iconsheet1.vmt"
"portal2\materials\vgui\hud\gameinstructor_iconsheet1.vtf"
"portal2\materials\vgui\hud\gameinstructor_iconsheet2.vmt"
"portal2\materials\vgui\hud\gameinstructor_iconsheet2.vtf"
"portal2\materials\vgui\hud\gameinstructor_iconsheet3.vmt"
"portal2\materials\vgui\hud\gameinstructor_iconsheet3.vtf"
"portal2\materials\vgui\hud\icon_commentary.vmt"
"portal2\materials\vgui\hud\icon_commentary.vtf"
"portal2\materials\vgui\hud\spinner_saving.vmt"
"portal2\materials\vgui\hud\spinner_saving.vtf"
"portal2\materials\vgui\ico_friend_indicator_alone.vmt"
"portal2\materials\vgui\ico_friend_indicator_alone.vtf"
"portal2\materials\vgui\ico_friend_indicator_scoreboard.vmt"
"portal2\materials\vgui\ico_friend_indicator_scoreboard.vtf"
"portal2\materials\vgui\icon_arrow.vmt"
"portal2\materials\vgui\icon_arrow.vtf"
"portal2\materials\vgui\icon_arrow_down.vmt"
"portal2\materials\vgui\icon_arrow_down.vtf"
"portal2\materials\vgui\icon_lobby.vmt"
"portal2\materials\vgui\icon_lobby.vtf"
"portal2\materials\vgui\loadbar_dots.vmt"
"portal2\materials\vgui\loadbar_dots.vtf"
"portal2\materials\vgui\loading_screens\loadingscreen_coop_1.vmt"
"portal2\materials\vgui\loading_screens\loadingscreen_coop_1.vtf"
"portal2\materials\vgui\loading_screens\loadingscreen_coop_2.vmt"
"portal2\materials\vgui\loading_screens\loadingscreen_coop_2.vtf"
"portal2\materials\vgui\loading_screens\loadingscreen_coop_3.vmt"
"portal2\materials\vgui\loading_screens\loadingscreen_coop_3.vtf"
"portal2\materials\vgui\loading_screens\loadingscreen_coop_4.vmt"
"portal2\materials\vgui\loading_screens\loadingscreen_coop_4.vtf"
"portal2\materials\vgui\menu_tiles\ui_tile_128_bottom.vmt"
"portal2\materials\vgui\menu_tiles\ui_tile_128_bottom.vtf"
"portal2\materials\vgui\menu_tiles\ui_tile_128_crnr_bottoml.vmt"
"portal2\materials\vgui\menu_tiles\ui_tile_128_crnr_bottoml.vtf"
"portal2\materials\vgui\menu_tiles\ui_tile_128_crnr_bottomr.vmt"
"portal2\materials\vgui\menu_tiles\ui_tile_128_crnr_bottomr.vtf"
"portal2\materials\vgui\menu_tiles\ui_tile_128_crnr_topl.vmt"
"portal2\materials\vgui\menu_tiles\ui_tile_128_crnr_topl.vtf"
"portal2\materials\vgui\menu_tiles\ui_tile_128_crnr_topr.vmt"
"portal2\materials\vgui\menu_tiles\ui_tile_128_crnr_topr.vtf"
"portal2\materials\vgui\menu_tiles\ui_tile_128_interior1.vmt"
"portal2\materials\vgui\menu_tiles\ui_tile_128_interior1.vtf"
"portal2\materials\vgui\menu_tiles\ui_tile_128_interior_alt.vmt"
"portal2\materials\vgui\menu_tiles\ui_tile_128_interior_alt.vtf"
"portal2\materials\vgui\menu_tiles\ui_tile_128_left.vmt"
"portal2\materials\vgui\menu_tiles\ui_tile_128_left.vtf"
"portal2\materials\vgui\menu_tiles\ui_tile_128_right.vmt"
"portal2\materials\vgui\menu_tiles\ui_tile_128_right.vtf"
"portal2\materials\vgui\menu_tiles\ui_tile_128_top.vmt"
"portal2\materials\vgui\menu_tiles\ui_tile_128_top.vtf"
"portal2\materials\vgui\portal2logo.vmt"
"portal2\materials\vgui\portal2logo.vtf"
"portal2\materials\vgui\resource\icon_cloud.vmt"
"portal2\materials\vgui\resource\icon_cloud.vtf"
"portal2\materials\vgui\resource\icon_cloud_dn.vmt"
"portal2\materials\vgui\resource\icon_cloud_dn.vtf"
"portal2\materials\vgui\resource\icon_cloud_up.vmt"
"portal2\materials\vgui\resource\icon_cloud_up.vtf"
"portal2\materials\vgui\servers\icon_bots.vmt"
"portal2\materials\vgui\servers\icon_bots.vtf"
"portal2\materials\vgui\servers\icon_bots_column.vmt"
"portal2\materials\vgui\servers\icon_bots_column.vtf"
"portal2\materials\vgui\servers\icon_password.vmt"
"portal2\materials\vgui\servers\icon_password.vtf"
"portal2\materials\vgui\servers\icon_password_column.vmt"
"portal2\materials\vgui\servers\icon_password_column.vtf"
"portal2\materials\vgui\servers\icon_robotron.vmt"
"portal2\materials\vgui\servers\icon_robotron_column.vmt"
"portal2\materials\vgui\servers\icon_robotron_column.vtf"
"portal2\materials\vgui\servers\icon_secure_deny.vmt"
"portal2\materials\vgui\servers\icon_secure_deny.vtf"
"portal2\materials\vgui\spinner.vmt"
"portal2\materials\vgui\spinner.vtf"
"portal2\materials\vgui\titlebardisabledicon.vmt"
"portal2\materials\vgui\titlebaricon.vmt"
"portal2\materials\vgui\white.vmt"
"portal2\materials\voice\icntlk_pl.vmt"
"portal2\models"
"portal2\models\a4_destruction"
"portal2\models\anim_wp\core_room"
"portal2\models\anim_wp\framework"
"portal2\models\anim_wp\room_transform"
"portal2\models\elevator"
"portal2\models\gibs"
"portal2\models\npcs\turret"
"portal2\models\player\ballbot"
"portal2\models\player\bot_assembly"
"portal2\models\player\eggbot"
"portal2\models\portals"
"portal2\models\prop_cables"
"portal2\models\props"
"portal2\models\props\vert_door"
"portal2\models\props_backstage"
"portal2\models\props_bts"
"portal2\models\props_debris"
"portal2\models\props_gameplay"
"portal2\models\props_underground"
"portal2\models\weapons"
"portal2\modelsounds.cache"
"portal2\particles\blood_impact.pcf"
"portal2\particles\burning_fx.pcf"
"portal2\particles\cleansers.pcf"
"portal2\particles\confetti.pcf"
"portal2\particles\drip_fx.pcf"
"portal2\particles\dust_fx.pcf"
"portal2\particles\environment.pcf"
"portal2\particles\environmental_fx.pcf"
"portal2\particles\error.pcf"
"portal2\particles\exploding_futbol.pcf"
"portal2\particles\fire_01.pcf"
"portal2\particles\fire_01_portal.pcf"
"portal2\particles\flashlight_fx.pcf"
"portal2\particles\impact_fx.pcf"
"portal2\particles\laser_relay_2.pcf"
"portal2\particles\laser_relay_effects.pcf"
"portal2\particles\paint_bomb_fx.pcf"
"portal2\particles\paint_fizzler.pcf"
"portal2\particles\paint_splats_fx.pcf"
"portal2\particles\particles_manifest.txt"
"portal2\particles\player_paint_effects.pcf"
"portal2\particles\portal2_coop_ping_effect.pcf"
"portal2\particles\portal_projectile.pcf"
"portal2\particles\portalgun.pcf"
"portal2\particles\portals.pcf"
"portal2\particles\projected_wall.pcf"
"portal2\particles\rain_fx.pcf"
"portal2\particles\robot_fx.pcf"
"portal2\particles\scene_fx.pcf"
"portal2\particles\spark_fx.pcf"
"portal2\particles\tracer_fx.pcf"
"portal2\particles\tractor_beam_fx.pcf"
"portal2\particles\tubes.pcf"
"portal2\particles\water_impact.pcf"
"portal2\particles\weapon_fx_hl2.pcf"
"portal2\reslists_temp\dx90\all.lst"
"portal2\reslists_temp\dx90\engine.lst"
"portal2\reslists_temp\dx95hdr\all.lst"
"portal2\reslists_temp\dx95hdr\engine.lst"
"portal2\resource\askconnectpanel.res"
"portal2\resource\basemodui_english.txt"
"portal2\resource\basemodui_scheme.res"
"portal2\resource\buguipanel_filequeue.res"
"portal2\resource\captioning_colors.txt"
"portal2\resource\chat_english.txt"
"portal2\resource\chatscheme.res"
"portal2\resource\clientscheme.res"
"portal2\resource\closecaption_english.dat"
"portal2\resource\closecaption_english.txt"
"portal2\resource\demouipanel.res"
"portal2\resource\demouipanel2.res"
"portal2\resource\gameevents.res"
"portal2\resource\gameui_english.txt"
"portal2\resource\halflife2.vfont"
"portal2\resource\hl2crosshairs.vfont"
"portal2\resource\hltvevents.res"
"portal2\resource\modevents.res"
"portal2\resource\multiplayerbasicinfo.res"
"portal2\resource\perfocclusionuipanel.res"
"portal2\resource\perfpropfadeuipanel.res"
"portal2\resource\perfuipanel.res"
"portal2\resource\portal2_english.txt"
"portal2\resource\serverevents.res"
"portal2\resource\sourcescheme.res"
"portal2\resource\subtitles_english.dat"
"portal2\resource\txviewpanel.res"
"portal2\resource\ui\basechat.res"
"portal2\resource\ui\basemodui\footerpanel.res"
"portal2\resource\ui\basemodui\loadingprogress.res"
"portal2\resource\ui\basemodui\mainmenu.res"
"portal2\resource\ui\basemodui\mainmenustub.res"
"portal2\resource\ui\chatfilters.res"
"portal2\resource\ui\hud_saving.res"
"portal2\resource\ui\hud_taunt_earned.res"
"portal2\resource\ui\radialmenu.res"
"portal2\resource\ui\radialmenupanel.res"
"portal2\resource\ui\scoreboard.res"
"portal2\resource\ui\textwindow.res"
"portal2\resource\valve_english.txt"
"portal2\resource\vprofpanel.res"
"portal2\scenes\scenes.image"
"portal2\scripts\cheatcodes.txt"
"portal2\scripts\decals_subrect.txt"
"portal2\scripts\dsp_presets.txt"
"portal2\scripts\hud_textures.txt"
"portal2\scripts\hudanimations.txt"
"portal2\scripts\hudanimations_manifest.txt"
"portal2\scripts\hudlayout.res"
"portal2\scripts\instructor_lessons.txt"
"portal2\scripts\instructor_textures.txt"
"portal2\scripts\mod_cheatcodes.txt"
"portal2\scripts\mod_lessons.txt"
"portal2\scripts\mod_textures.txt"
"portal2\scripts\radialmenu.txt"
"portal2\scripts\radialmenutaunt.txt"
"portal2\scripts\signifier_textures.txt"
"portal2\scripts\sound_operator_stacks.txt"
"portal2\scripts\soundmixers.txt"
"portal2\scripts\soundscapes_bts.txt"
"portal2\scripts\soundscapes_chapter_4.txt"
"portal2\scripts\soundscapes_destruction.txt"
"portal2\scripts\soundscapes_escape_portal.txt"
"portal2\scripts\soundscapes_industrial.txt"
"portal2\scripts\soundscapes_manifest.txt"
"portal2\scripts\soundscapes_mp_coop.txt"
"portal2\scripts\soundscapes_paint.txt"
"portal2\scripts\soundscapes_partial_destruction.txt"
"portal2\scripts\soundscapes_pressdemo.txt"
"portal2\scripts\soundscapes_reconstruction.txt"
"portal2\scripts\soundscapes_sabotage.txt"
"portal2\scripts\soundscapes_tempcontent.txt"
"portal2\scripts\soundscapes_test_chambers.txt"
"portal2\scripts\soundscapes_testchmb_portal.txt"
"portal2\scripts\soundscapes_underground.txt"
"portal2\scripts\soundscapes_vegetation.txt"
"portal2\scripts\surfaceproperties.txt"
"portal2\scripts\surfaceproperties_manifest.txt"
"portal2\scripts\surfaceproperties_portal.txt"
"portal2\scripts\surfaceproperties_portal2.txt"
"portal2\scripts\talker\ballbot.txt"
"portal2\scripts\talker\eggbot.txt"
"portal2\scripts\talker\response_criteria.txt"
"portal2\scripts\talker\response_rules.txt"
"portal2\scripts\titles.txt"
"portal2\scripts\vgui_screens.txt"
"portal2\scripts\vscripts\coop\coop_lightboard_icons.txt"
"portal2\scripts\vscripts\transitions\lightboard_startup_sequences.txt"
"portal2\scripts\vscripts\transitions\sp_lightboard_icons.txt"
"portal2\sound\music\mainmenu\portal2_background01.wav"
"portal2\splitscreen_config.txt"
"portal2\steam.inf"
"portal2\voice_ban.dt"
